// Jest Snapshot v1, https://goo.gl/fbAQLP

exports[`Check if renders properly 1`] = `
<div
  className="rocket-card"
>
  <img
    alt="rocket"
    className="image"
    src="https://imgur.com/DaCfMsj.jpg"
  />
  <div
    className="rocket-desc"
  >
    <h1
      className="title-desc"
    >
      Falcon 1
    </h1>
    <p
      className="info"
    >
      <span
        className="rocket-reserve"
      >
        Reserved
      </span>
      The Falcon 1 was an expendable launch system privately developed and manufactured by SpaceX during 2006-2009. On 28 September 2008, Falcon 1 became the first privately-developed liquid-fuel launch vehicle to go into orbit around the Earth.
    </p>
    <button
      className="cancel-btn btn"
      id="falcon1"
      onClick={[Function]}
      type="button"
    >
      Cancel Reservation 
    </button>
  </div>
</div>
`;
